#
# A fatal error has been detected by the Java Runtime Environment:
#
#  SIGSEGV (0xb) at pc=0x00007f7c6677b240, pid=45071, tid=45072
#
# JRE version: OpenJDK Runtime Environment (11.0.16) (build 11.0.16-internal+0-adhoc.adam.jdk11u)
# Java VM: OpenJDK 64-Bit Server VM (11.0.16-internal+0-adhoc.adam.jdk11u, mixed mode, tiered, compressed oops, epsilon gc, linux-amd64)
# Problematic frame:
# V  [libjvm.so+0xb44240]  ObjArrayAllocator::initialize(HeapWord*) const+0xd0
#
# No core dump will be written. Core dumps have been disabled. To enable core dumping, try "ulimit -c unlimited" before starting Java again
#
# If you would like to submit a bug report, please visit:
#   https://bugreport.java.com/bugreport/crash.jsp
#

---------------  S U M M A R Y ------------

Command Line: -XX:AllocateHeapAt=/dev/fakeblk -Xlog:gc=debug -XX:-OptimizeStringConcat -XX:+UnlockExperimentalVMOptions -XX:+UseEpsilonGC -Xnoclassgc -XX:+AlwaysPreTouch -XX:-ClassUnloading -XX:TieredStopAtLevel=3 -Xms20g -Xmx20g -XX:-ClassUnloading ../dacapo-23.11-chopin.jar tradebeans -help

Host: AMD Opteron 23xx (Gen 3 Class Opteron), 48 cores, 1G, Debian GNU/Linux 11 (bullseye)
Time: Thu Apr  3 15:05:31 2025 CEST elapsed time: 7.343215 seconds (0d 0h 0m 7s)

---------------  T H R E A D  ---------------

Current thread (0x00007f7c60027800):  JavaThread "main" [_thread_in_vm, id=45072, stack(0x00007f7c659e8000,0x00007f7c65ae9000)]

Stack: [0x00007f7c659e8000,0x00007f7c65ae9000],  sp=0x00007f7c65ae71b0,  free space=1020k
Native frames: (J=compiled Java code, A=aot compiled Java code, j=interpreted, Vv=VM code, C=native code)
V  [libjvm.so+0xb44240]  ObjArrayAllocator::initialize(HeapWord*) const+0xd0
V  [libjvm.so+0xb44f6d]  MemAllocator::allocate() const+0x9d
V  [libjvm.so+0x6068a4]  CollectedHeap::array_allocate(Klass*, int, int, bool, Thread*)+0x44
V  [libjvm.so+0x86e058]  InterpreterRuntime::newarray(JavaThread*, BasicType, int)+0x28
j  java.util.zip.ZipFile$Source.initCEN(ILjava/util/zip/ZipCoder;)V+105 java.base
j  java.util.zip.ZipFile$Source.<init>(Ljava/util/zip/ZipFile$Source$Key;ZLjava/util/zip/ZipCoder;)V+98 java.base
j  java.util.zip.ZipFile$Source.get(Ljava/io/File;ZLjava/util/zip/ZipCoder;)Ljava/util/zip/ZipFile$Source;+99 java.base
j  java.util.zip.ZipFile$CleanableResource.<init>(Ljava/util/zip/ZipFile;Ljava/io/File;I)V+58 java.base
j  java.util.zip.ZipFile$CleanableResource.get(Ljava/util/zip/ZipFile;Ljava/io/File;I)Ljava/util/zip/ZipFile$CleanableResource;+66 java.base
j  java.util.zip.ZipFile.<init>(Ljava/io/File;ILjava/nio/charset/Charset;)V+123 java.base
j  java.util.zip.ZipFile.<init>(Ljava/io/File;I)V+6 java.base
j  java.util.jar.JarFile.<init>(Ljava/io/File;ZILjava/lang/Runtime$Version;)V+3 java.base
j  java.util.jar.JarFile.<init>(Ljava/io/File;ZI)V+7 java.base
j  java.util.jar.JarFile.<init>(Ljava/lang/String;)V+11 java.base
j  sun.launcher.LauncherHelper.getMainClassFromJar(Ljava/lang/String;)Ljava/lang/String;+5 java.base
j  sun.launcher.LauncherHelper.loadMainClass(ILjava/lang/String;)Ljava/lang/Class;+34 java.base
j  sun.launcher.LauncherHelper.checkAndLoadMain(ZILjava/lang/String;)Ljava/lang/Class;+42 java.base
v  ~StubRoutines::call_stub
V  [libjvm.so+0x87ba43]  JavaCalls::call_helper(JavaValue*, methodHandle const&, JavaCallArguments*, Thread*)+0x353
V  [libjvm.so+0x8f819d]  jni_invoke_static(JNIEnv_*, JavaValue*, _jobject*, JNICallType, _jmethodID*, JNI_ArgumentPusher*, Thread*) [clone .constprop.1]+0x24d
V  [libjvm.so+0x8f8c4f]  jni_CallStaticObjectMethod+0x15f
C  [libjli.so+0x4e8c]  JavaMain+0x5ac
C  [libjli.so+0x9619]  ThreadJavaMain+0x9

Java frames: (J=compiled Java code, j=interpreted, Vv=VM code)
j  java.util.zip.ZipFile$Source.initCEN(ILjava/util/zip/ZipCoder;)V+105 java.base
j  java.util.zip.ZipFile$Source.<init>(Ljava/util/zip/ZipFile$Source$Key;ZLjava/util/zip/ZipCoder;)V+98 java.base
j  java.util.zip.ZipFile$Source.get(Ljava/io/File;ZLjava/util/zip/ZipCoder;)Ljava/util/zip/ZipFile$Source;+99 java.base
j  java.util.zip.ZipFile$CleanableResource.<init>(Ljava/util/zip/ZipFile;Ljava/io/File;I)V+58 java.base
j  java.util.zip.ZipFile$CleanableResource.get(Ljava/util/zip/ZipFile;Ljava/io/File;I)Ljava/util/zip/ZipFile$CleanableResource;+66 java.base
j  java.util.zip.ZipFile.<init>(Ljava/io/File;ILjava/nio/charset/Charset;)V+123 java.base
j  java.util.zip.ZipFile.<init>(Ljava/io/File;I)V+6 java.base
j  java.util.jar.JarFile.<init>(Ljava/io/File;ZILjava/lang/Runtime$Version;)V+3 java.base
j  java.util.jar.JarFile.<init>(Ljava/io/File;ZI)V+7 java.base
j  java.util.jar.JarFile.<init>(Ljava/lang/String;)V+11 java.base
j  sun.launcher.LauncherHelper.getMainClassFromJar(Ljava/lang/String;)Ljava/lang/String;+5 java.base
j  sun.launcher.LauncherHelper.loadMainClass(ILjava/lang/String;)Ljava/lang/Class;+34 java.base
j  sun.launcher.LauncherHelper.checkAndLoadMain(ZILjava/lang/String;)Ljava/lang/Class;+42 java.base
v  ~StubRoutines::call_stub

siginfo: si_signo: 11 (SIGSEGV), si_code: 1 (SEGV_MAPERR), si_addr: 0x000000000000000e

Register to memory mapping:

RAX=0x00007f7c66d0c600: <offset 0x00000000010d5600> in /home/adam/jdk11u/build/linux-x86_64-normal-server-release/jdk/lib/server/libjvm.so at 0x00007f7c65c37000
RBX=0x00007f7c65ae7260 is pointing into the stack for thread: 0x00007f7c60027800
RCX=0x00007f7c66f8244c: __read+0x000000000000004c in /lib/x86_64-linux-gnu/libc.so.6 at 0x00007f7c66e97000
RDX=0x00007f7c60027800 is a thread
RSP=0x00007f7c65ae71b0 is pointing into the stack for thread: 0x00007f7c60027800
RBP=0x00007f7c65ae71d0 is pointing into the stack for thread: 0x00007f7c60027800
RSI=0x0000000000000002 is an unknown value
RDI=0x0000000000000012 is an unknown value
R8 =0x0 is NULL
R9 =0x0000000000008000 is an unknown value
R10=0x00000000000221c8 is an unknown value
R11=0x0 is NULL
R12=0x0000000000000002 is an unknown value
R13=0x00007f7c66e0c40c: <offset 0x00000000011d540c> in /home/adam/jdk11u/build/linux-x86_64-normal-server-release/jdk/lib/server/libjvm.so at 0x00007f7c65c37000
R14=0x0000000000000001 is an unknown value
R15=0x00007f7c60027800 is a thread


Registers:
RAX=0x00007f7c66d0c600, RBX=0x00007f7c65ae7260, RCX=0x00007f7c66f8244c, RDX=0x00007f7c60027800
RSP=0x00007f7c65ae71b0, RBP=0x00007f7c65ae71d0, RSI=0x0000000000000002, RDI=0x0000000000000012
R8 =0x0000000000000000, R9 =0x0000000000008000, R10=0x00000000000221c8, R11=0x0000000000000000
R12=0x0000000000000002, R13=0x00007f7c66e0c40c, R14=0x0000000000000001, R15=0x00007f7c60027800
RIP=0x00007f7c6677b240, EFLAGS=0x0000000000010202, CSGSFS=0x002b000000000033, ERR=0x0000000000000006
  TRAPNO=0x000000000000000e

Top of Stack: (sp=0x00007f7c65ae71b0)
0x00007f7c65ae71b0:   00000000000000bc 00007f7c65ae7260
0x00007f7c65ae71c0:   00007f7c65ae71f0 00007f7c65ae73b0
0x00007f7c65ae71d0:   00007f7c65ae7250 00007f7c6677bf6d
0x00007f7c65ae71e0:   00007f7c60027800 0000000000000000 

Instructions: (pc=0x00007f7c6677b240)
0x00007f7c6677b140:   e8 41 89 44 24 08 48 83 c4 08 4c 89 e0 5b 41 5c
0x00007f7c6677b150:   41 5d 5d c3 0f 1f 40 00 49 89 44 24 08 48 83 c4
0x00007f7c6677b160:   08 4c 89 e0 5b 41 5c 41 5d 5d c3 90 0f 1f 40 00
0x00007f7c6677b170:   55 48 89 e5 41 56 41 55 4c 8d 2d 8d 12 69 00 41
0x00007f7c6677b180:   54 49 89 f4 53 80 7f 2c 00 48 89 fb 45 0f b6 75
0x00007f7c6677b190:   00 74 2e 48 8d 7e 10 45 84 f6 0f 85 a0 00 00 00
0x00007f7c6677b1a0:   48 8b 53 20 48 8d 42 fd 48 83 fa 02 0f 84 b3 00
0x00007f7c6677b1b0:   00 00 48 8d 14 c5 08 00 00 00 31 f6 e8 ff 91 73
0x00007f7c6677b1c0:   ff 49 8d 54 24 0c 49 8d 7c 24 10 45 84 f6 8b 43
0x00007f7c6677b1d0:   28 48 0f 45 fa 48 8d 15 3c 9e 64 00 89 07 b8 01
0x00007f7c6677b1e0:   00 00 00 80 3a 00 74 0b 48 8b 43 18 48 8b 80 b8
0x00007f7c6677b1f0:   00 00 00 49 89 04 24 41 80 7d 00 00 48 8b 43 18
0x00007f7c6677b200:   74 26 48 8d 15 e7 40 66 00 8b 4a 08 48 2b 02 48
0x00007f7c6677b210:   d3 e8 5b 41 89 44 24 08 4c 89 e0 41 5c 41 5d 41
0x00007f7c6677b220:   5e 5d c3 0f 1f 44 00 00 5b 49 89 44 24 08 4c 89
0x00007f7c6677b230:   e0 41 5c 41 5d 41 5e 5d c3 0f 1f 80 00 00 00 00
0x00007f7c6677b240:   c7 46 0c 00 00 00 00 48 8b 53 20 48 8d 42 fd 48
0x00007f7c6677b250:   83 fa 02 0f 85 59 ff ff ff 8b 43 28 48 8d 7e 0c
0x00007f7c6677b260:   e9 70 ff ff ff 8b 43 28 e9 68 ff ff ff 90 66 90
0x00007f7c6677b270:   55 48 89 e5 41 55 41 54 49 89 f4 53 48 89 fb 48
0x00007f7c6677b280:   83 ec 08 4c 8d 2d 82 11 69 00 41 80 7d 00 00 74
0x00007f7c6677b290:   07 c7 46 0c 00 00 00 00 48 8b 73 20 49 8d 7c 24
0x00007f7c6677b2a0:   10 48 83 fe 02 74 13 48 8d 14 f5 f0 ff ff ff 31
0x00007f7c6677b2b0:   f6 e8 0a 91 73 ff 48 8b 73 20 4c 89 e7 e8 4e ac
0x00007f7c6677b2c0:   d3 ff 48 8d 15 4f 9d 64 00 b8 01 00 00 00 80 3a
0x00007f7c6677b2d0:   00 74 0b 48 8b 43 18 48 8b 80 b8 00 00 00 49 89
0x00007f7c6677b2e0:   04 24 41 80 7d 00 00 48 8b 43 18 74 23 48 8d 15
0x00007f7c6677b2f0:   fc 3f 66 00 8b 4a 08 48 2b 02 48 d3 e8 41 89 44
0x00007f7c6677b300:   24 08 48 83 c4 08 4c 89 e0 5b 41 5c 41 5d 5d c3
0x00007f7c6677b310:   49 89 44 24 08 48 83 c4 08 4c 89 e0 5b 41 5c 41
0x00007f7c6677b320:   5d 5d c3 90 66 66 2e 0f 1f 84 00 00 00 00 00 90
0x00007f7c6677b330:   80 7f 2c 00 48 8b 57 20 48 89 f0 75 1c 48 8d 35 


Stack slot to memory mapping:
stack at sp + 0 slots: 0x00000000000000bc is an unknown value
stack at sp + 1 slots: 0x00007f7c65ae7260 is pointing into the stack for thread: 0x00007f7c60027800
stack at sp + 2 slots: 0x00007f7c65ae71f0 is pointing into the stack for thread: 0x00007f7c60027800
stack at sp + 3 slots: 0x00007f7c65ae73b0 is pointing into the stack for thread: 0x00007f7c60027800
stack at sp + 4 slots: 0x00007f7c65ae7250 is pointing into the stack for thread: 0x00007f7c60027800
stack at sp + 5 slots: 0x00007f7c6677bf6d: <offset 0x0000000000b44f6d> in /home/adam/jdk11u/build/linux-x86_64-normal-server-release/jdk/lib/server/libjvm.so at 0x00007f7c65c37000
stack at sp + 6 slots: 0x00007f7c60027800 is a thread
stack at sp + 7 slots: 0x0 is NULL


---------------  P R O C E S S  ---------------

Threads class SMR info:
_java_thread_list=0x00007f7ab00ac380, length=10, elements={
0x00007f7c60027800, 0x00007f7c6018d000, 0x00007f7c601dc800, 0x00007f7c6027e800,
0x00007f7c602c9000, 0x00007f7c60313800, 0x00007f7c603ac800, 0x00007f7ab4095800,
0x00007f7ab0062800, 0x00007f7abc001000
}

Java Threads: ( => current thread )
=>0x00007f7c60027800 JavaThread "main" [_thread_in_vm, id=45072, stack(0x00007f7c659e8000,0x00007f7c65ae9000)]
  0x00007f7c6018d000 JavaThread "Reference Handler" daemon [_thread_blocked, id=45074, stack(0x00007f7c64caf000,0x00007f7c64db0000)]
  0x00007f7c601dc800 JavaThread "Finalizer" daemon [_thread_blocked, id=45075, stack(0x00007f7c64bae000,0x00007f7c64caf000)]
  0x00007f7c6027e800 JavaThread "Service Thread" daemon [_thread_blocked, id=45077, stack(0x00007f7c646c5000,0x00007f7c647c6000)]
  0x00007f7c602c9000 JavaThread "C1 CompilerThread0" daemon [_thread_blocked, id=45078, stack(0x00007f7c645c4000,0x00007f7c646c5000)]
  0x00007f7c60313800 JavaThread "Sweeper thread" daemon [_thread_blocked, id=45079, stack(0x00007f7c644c3000,0x00007f7c645c4000)]
  0x00007f7c603ac800 JavaThread "Common-Cleaner" daemon [_thread_blocked, id=45080, stack(0x00007f7c64396000,0x00007f7c64497000)]
  0x00007f7ab4095800 JavaThread "C1 CompilerThread1" daemon [_thread_blocked, id=45081, stack(0x00007f7c64295000,0x00007f7c64396000)]
  0x00007f7ab0062800 JavaThread "C1 CompilerThread2" daemon [_thread_blocked, id=45082, stack(0x00007f7c64194000,0x00007f7c64295000)]
  0x00007f7abc001000 JavaThread "SIGINT handler" daemon [_thread_blocked, id=45084, stack(0x00007f7ad0eff000,0x00007f7ad1000000)]

Other Threads:
  0x00007f7c6002f800 VMThread "VM Thread" [stack: 0x00007f7c64db2000,0x00007f7c64eb2000] [id=45073]

Threads with active compile tasks:

VM state:synchronizing (normal execution)

VM Mutex/Monitor currently owned by a thread:  ([mutex/lock_event])
[0x00007f7c60023f40] Threads_lock - owner thread: 0x00007f7c6002f800

Heap address: 0x0000000300000000, size: 20480 MB, Compressed Oops mode: Zero based, Oop shift amount: 3
Narrow klass base: 0x0000000800000000, Narrow klass shift: 0
Compressed class space size: 1073741824 Address: 0x0000000800000000

Heap:
Epsilon Heap
Allocation space:
 Metaspace       used 6233K, capacity 6342K, committed 6528K, reserved 1056768K
  class space    used 540K, capacity 586K, committed 640K, reserved 1048576K


Polling page: 0x00007f7c6706d000

Metaspace:

Usage:
  Non-class:      5.62 MB capacity,     5.56 MB ( 99%) used,    55.02 KB ( <1%) free+waste,     8.56 KB ( <1%) overhead. 
      Class:    586.00 KB capacity,   540.94 KB ( 92%) used,    40.38 KB (  7%) free+waste,     4.69 KB ( <1%) overhead. 
       Both:      6.19 MB capacity,     6.09 MB ( 98%) used,    95.40 KB (  2%) free+waste,    13.25 KB ( <1%) overhead. 

Virtual space:
  Non-class space:        8.00 MB reserved,       5.75 MB ( 72%) committed 
      Class space:        1.00 GB reserved,     640.00 KB ( <1%) committed 
             Both:        1.01 GB reserved,       6.38 MB ( <1%) committed 

Chunk freelists:
   Non-Class:  12.00 KB
       Class:  22.00 KB
        Both:  34.00 KB

MaxMetaspaceSize: unlimited
CompressedClassSpaceSize: 1.00 GB
Initial GC threshold: 20.80 MB
Current GC threshold: 20.80 MB
CDS: off

CodeHeap 'non-profiled nmethods': size=116940Kb used=90Kb max_used=90Kb free=116849Kb
 bounds [0x00007f7c58dcd000, 0x00007f7c5903d000, 0x00007f7c60000000]
CodeHeap 'profiled nmethods': size=116940Kb used=990Kb max_used=990Kb free=115949Kb
 bounds [0x00007f7c51b9a000, 0x00007f7c51e0a000, 0x00007f7c58dcd000]
CodeHeap 'non-nmethods': size=11880Kb used=2184Kb max_used=2184Kb free=9695Kb
 bounds [0x00007f7c51000000, 0x00007f7c51270000, 0x00007f7c51b9a000]
 total_blobs=824 nmethods=524 adapters=230
 compilation: enabled
              stopped_count=0, restarted_count=0
 full_count=0

Compilation events (20 events):
Event: 0.814 Thread 0x00007f7c602c9000 nmethod 513 0x00007f7c51c8ce10 code [0x00007f7c51c8cfe0, 0x00007f7c51c8d210]
Event: 0.814 Thread 0x00007f7ab4095800 nmethod 512 0x00007f7c51c8d310 code [0x00007f7c51c8d4e0, 0x00007f7c51c8d810]
Event: 0.817 Thread 0x00007f7ab0062800  515       3       java.util.HashMap::computeIfAbsent (330 bytes)
Event: 0.818 Thread 0x00007f7ab0062800 nmethod 515 0x00007f7c51c8d990 code [0x00007f7c51c8dca0, 0x00007f7c51c8f280]
Event: 0.823 Thread 0x00007f7c602c9000  516       1       java.lang.module.ModuleDescriptor$Opens::source (5 bytes)
Event: 0.823 Thread 0x00007f7c602c9000 nmethod 516 0x00007f7c58de2d10 code [0x00007f7c58de2ec0, 0x00007f7c58de2f70]
Event: 0.825 Thread 0x00007f7ab4095800  517       1       java.lang.module.ModuleDescriptor::isOpen (5 bytes)
Event: 0.825 Thread 0x00007f7ab4095800 nmethod 517 0x00007f7c58de3010 code [0x00007f7c58de31c0, 0x00007f7c58de3270]
Event: 0.826 Thread 0x00007f7ab0062800  518       3       java.util.Collections::unmodifiableSet (9 bytes)
Event: 0.826 Thread 0x00007f7c602c9000  519       3       java.util.Collections$UnmodifiableSet::<init> (6 bytes)
Event: 0.827 Thread 0x00007f7ab4095800  520       3       java.util.Collections$UnmodifiableCollection::<init> (22 bytes)
Event: 0.827 Thread 0x00007f7ab4095800 nmethod 520 0x00007f7c51c8f890 code [0x00007f7c51c8fa60, 0x00007f7c51c8fd00]
Event: 0.827 Thread 0x00007f7c602c9000 nmethod 519 0x00007f7c51c8fe10 code [0x00007f7c51c8ffe0, 0x00007f7c51c902e0]
Event: 0.827 Thread 0x00007f7ab4095800  521       3       jdk.internal.module.ModuleBootstrap$2::hasNext (30 bytes)
Event: 0.827 Thread 0x00007f7ab0062800 nmethod 518 0x00007f7c51c90410 code [0x00007f7c51c905e0, 0x00007f7c51c909e0]
Event: 0.827 Thread 0x00007f7c602c9000  522       3       jdk.internal.module.ModuleBootstrap$2::next (52 bytes)
Event: 0.827 Thread 0x00007f7ab4095800 nmethod 521 0x00007f7c51c90b90 code [0x00007f7c51c90d60, 0x00007f7c51c91090]
Event: 0.827 Thread 0x00007f7c602c9000 nmethod 522 0x00007f7c51c91190 code [0x00007f7c51c913a0, 0x00007f7c51c918e0]
Event: 0.827 Thread 0x00007f7ab0062800  524       1       java.lang.Module::getDescriptor (5 bytes)
Event: 0.828 Thread 0x00007f7ab0062800 nmethod 524 0x00007f7c58de3710 code [0x00007f7c58de38c0, 0x00007f7c58de3970]

GC Heap History (0 events):
No events

Deoptimization events (0 events):
No events

Classes redefined (0 events):
No events

Internal exceptions (20 events):
Event: 0.491 Thread 0x00007f7c60027800 Exception <a 'java/lang/NoSuchMethodError'{0x0000000300d99a28}: 'java.lang.Object java.lang.invoke.Invokers$Holder.invokeExact_MT(java.lang.Object, java.lang.Object, java.lang.Object, java.lang.Object, java.lang.Object, java.lang.Object, java.lang.Object, java.lang.Object)'> (0x0000000300d99a28) thrown at [src/hotspot/share/interpreter/linkResolver.cpp, line 772]
Event: 0.498 Thread 0x00007f7c60027800 Exception <a 'java/lang/NoSuchMethodError'{0x0000000300d9a1a8}: 'java.lang.Object java.lang.invoke.Invokers$Holder.linkToTargetMethod(java.lang.Object, java.lang.Object, java.lang.Object)'> (0x0000000300d9a1a8) thrown at [src/hotspot/share/interpreter/linkResolver.cpp, line 772]
Event: 0.513 Thread 0x00007f7c60027800 Exception <a 'java/lang/NoSuchMethodError'{0x0000000300d9b418}: 'java.lang.Object java.lang.invoke.DirectMethodHandle$Holder.invokeSpecial(java.lang.Object, java.lang.Object, java.lang.Object)'> (0x0000000300d9b418) thrown at [src/hotspot/share/interpreter/linkResolver.cpp, line 772]
Event: 0.524 Thread 0x00007f7c60027800 Exception <a 'java/lang/NoSuchMethodError'{0x0000000300d9c048}: 'java.lang.Object java.lang.invoke.DirectMethodHandle$Holder.invokeStatic(java.lang.Object, java.lang.Object)'> (0x0000000300d9c048) thrown at [src/hotspot/share/interpreter/linkResolver.cpp, line 772]
Event: 0.525 Thread 0x00007f7c60027800 Exception <a 'java/lang/NoSuchMethodError'{0x0000000300d9c2c8}: 'java.lang.Object java.lang.invoke.Invokers$Holder.linkToTargetMethod(java.lang.Object, java.lang.Object)'> (0x0000000300d9c2c8) thrown at [src/hotspot/share/interpreter/linkResolver.cpp, line 772]
Event: 0.571 Thread 0x00007f7c60027800 Exception <a 'java/lang/NoSuchMethodError'{0x0000000301044060}: 'void java.lang.invoke.DirectMethodHandle$Holder.invokeVirtual(java.lang.Object, java.lang.Object)'> (0x0000000301044060) thrown at [src/hotspot/share/interpreter/linkResolver.cpp, line 772]
Event: 0.586 Thread 0x00007f7c60027800 Exception <a 'java/lang/NoSuchMethodError'{0x0000000301049ee8}: 'java.lang.Object java.lang.invoke.DirectMethodHandle$Holder.invokeStatic(java.lang.Object, java.lang.Object, java.lang.Object, java.lang.Object)'> (0x0000000301049ee8) thrown at [src/hotspot/share/interpreter/linkResolver.cpp, line 772]
Event: 0.588 Thread 0x00007f7c60027800 Exception <a 'java/lang/NoSuchMethodError'{0x000000030104a2a8}: 'java.lang.Object java.lang.invoke.DirectMethodHandle$Holder.getObject(java.lang.Object, java.lang.Object)'> (0x000000030104a2a8) thrown at [src/hotspot/share/interpreter/linkResolver.cpp, line 772]
Event: 0.589 Thread 0x00007f7c60027800 Exception <a 'java/lang/NoSuchMethodError'{0x000000030104a640}: 'java.lang.Object java.lang.invoke.LambdaForm$Holder.identity_L(java.lang.Object, java.lang.Object)'> (0x000000030104a640) thrown at [src/hotspot/share/interpreter/linkResolver.cpp, line 772]
Event: 0.589 Thread 0x00007f7c60027800 Exception <a 'java/lang/NoSuchMethodError'{0x000000030104a780}: 'java.lang.Object java.lang.invoke.LambdaForm$Holder.zero_L(java.lang.Object)'> (0x000000030104a780) thrown at [src/hotspot/share/interpreter/linkResolver.cpp, line 772]
Event: 0.592 Thread 0x00007f7c60027800 Exception <a 'java/lang/NoSuchMethodError'{0x000000030104ab68}: 'java.lang.Object java.lang.invoke.DirectMethodHandle$Holder.invokeSpecial(java.lang.Object, java.lang.Object)'> (0x000000030104ab68) thrown at [src/hotspot/share/interpreter/linkResolver.cpp, line 772]
Event: 0.593 Thread 0x00007f7c60027800 Exception <a 'java/lang/NoSuchMethodError'{0x000000030104ad48}: 'java.lang.Object java.lang.invoke.Invokers$Holder.linkToTargetMethod(java.lang.Object)'> (0x000000030104ad48) thrown at [src/hotspot/share/interpreter/linkResolver.cpp, line 772]
Event: 0.599 Thread 0x00007f7c60027800 Exception <a 'java/lang/NoSuchMethodError'{0x000000030104bb58}: 'java.lang.Object java.lang.invoke.DirectMethodHandle$Holder.newInvokeSpecial(java.lang.Object)'> (0x000000030104bb58) thrown at [src/hotspot/share/interpreter/linkResolver.cpp, line 772]
Event: 0.601 Thread 0x00007f7c60027800 Exception <a 'java/lang/NoSuchMethodError'{0x000000030104c0d0}: 'int java.lang.invoke.DirectMethodHandle$Holder.invokeInterface(java.lang.Object, java.lang.Object, java.lang.Object)'> (0x000000030104c0d0) thrown at [src/hotspot/share/interpreter/linkResolver.cpp, line 772]
Event: 0.667 Thread 0x00007f7c60027800 Exception <a 'java/lang/NoSuchMethodError'{0x000000030122e268}: 'java.lang.Object java.lang.invoke.DirectMethodHandle$Holder.invokeInterface(java.lang.Object, java.lang.Object)'> (0x000000030122e268) thrown at [src/hotspot/share/interpreter/linkResolver.cpp, line 772]
Event: 0.672 Thread 0x00007f7c60027800 Exception <a 'java/lang/NoSuchMethodError'{0x000000030122e718}: 'int java.lang.invoke.DirectMethodHandle$Holder.invokeStatic(java.lang.Object, java.lang.Object)'> (0x000000030122e718) thrown at [src/hotspot/share/interpreter/linkResolver.cpp, line 772]
Event: 0.675 Thread 0x00007f7c60027800 Exception <a 'java/lang/NoSuchMethodError'{0x000000030122ee70}: 'java.lang.Object java.lang.invoke.DirectMethodHandle$Holder.invokeVirtual(java.lang.Object, java.lang.Object)'> (0x000000030122ee70) thrown at [src/hotspot/share/interpreter/linkResolver.cpp, line 772]
Event: 0.678 Thread 0x00007f7c60027800 Exception <a 'java/lang/NoSuchMethodError'{0x000000030122f460}: 'int java.lang.invoke.DirectMethodHandle$Holder.invokeSpecial(java.lang.Object, java.lang.Object)'> (0x000000030122f460) thrown at [src/hotspot/share/interpreter/linkResolver.cpp, line 772]
Event: 0.783 Thread 0x00007f7c60027800 Exception <a 'java/lang/NoSuchMethodError'{0x0000000301740938}: 'void java.lang.invoke.DirectMethodHandle$Holder.invokeStatic(java.lang.Object, java.lang.Object, java.lang.Object)'> (0x0000000301740938) thrown at [src/hotspot/share/interpreter/linkResolver.cpp, line 772]
Event: 0.794 Thread 0x00007f7c60027800 Exception <a 'java/lang/NoSuchMethodError'{0x0000000301741d10}: 'java.lang.Object java.lang.invoke.Invokers$Holder.linkToTargetMethod(java.lang.Object, java.lang.Object, java.lang.Object, java.lang.Object)'> (0x0000000301741d10) thrown at [src/hotspot/share/interpreter/linkResolver.cpp, line 772]

Events (20 events):
Event: 0.835 loading class jdk/internal/misc/JavaIORandomAccessFileAccess done
Event: 0.835 loading class java/io/RandomAccessFile$2 done
Event: 0.835 loading class java/util/concurrent/atomic/AtomicBoolean
Event: 0.835 loading class java/util/concurrent/atomic/AtomicBoolean done
Event: 0.835 loading class java/io/FileCleanable
Event: 0.835 loading class java/io/FileCleanable done
Event: 0.836 loading class java/util/zip/ZipFile$Source$End
Event: 0.836 loading class java/util/zip/ZipFile$Source$End done
Event: 0.836 loading class java/util/zip/ZipUtils
Event: 0.836 loading class java/util/zip/ZipUtils done
Event: 4.255 loading class jdk/internal/misc/Signal$1
Event: 4.257 loading class jdk/internal/misc/Signal$1 done
Event: 4.258 Thread 0x00007f7abc001000 Thread added: 0x00007f7abc001000
Event: 4.258 Protecting memory [0x00007f7ad0eff000,0x00007f7ad0f03000] with protection modes 0
Event: 4.258 loading class java/lang/Shutdown
Event: 4.259 loading class java/lang/Shutdown done
Event: 4.259 loading class java/lang/Shutdown$Lock
Event: 4.259 loading class java/lang/Shutdown$Lock done
Event: 4.259 Executing VM operation: Exit
Event: 4.259 Thread 0x00007f7c60232000 Thread exited: 0x00007f7c60232000


Dynamic libraries:
300000000-800000000 rw-s 00000000 00:05 519                              /dev/fakeblk
800000000-8000a0000 rw-p 00000000 00:00 0 
8000a0000-840000000 ---p 00000000 00:00 0 
5606f86c7000-5606f86c8000 r--p 00000000 fe:01 575715                     /home/adam/jdk11u/build/linux-x86_64-normal-server-release/jdk/bin/java
5606f86c8000-5606f86c9000 r-xp 00001000 fe:01 575715                     /home/adam/jdk11u/build/linux-x86_64-normal-server-release/jdk/bin/java
5606f86c9000-5606f86ca000 r--p 00002000 fe:01 575715                     /home/adam/jdk11u/build/linux-x86_64-normal-server-release/jdk/bin/java
5606f86ca000-5606f86cb000 r--p 00002000 fe:01 575715                     /home/adam/jdk11u/build/linux-x86_64-normal-server-release/jdk/bin/java
5606f86cb000-5606f86cc000 rw-p 00003000 fe:01 575715                     /home/adam/jdk11u/build/linux-x86_64-normal-server-release/jdk/bin/java
5606f8bf3000-5606f8c14000 rw-p 00000000 00:00 0                          [heap]
7f7a9c000000-7f7a9c021000 rw-p 00000000 00:00 0 
7f7a9c021000-7f7aa0000000 ---p 00000000 00:00 0 
7f7aa4000000-7f7aa4050000 rw-p 00000000 00:00 0 
7f7aa4050000-7f7aa8000000 ---p 00000000 00:00 0 
7f7aa8000000-7f7aa8021000 rw-p 00000000 00:00 0 
7f7aa8021000-7f7aac000000 ---p 00000000 00:00 0 
7f7aac000000-7f7aac021000 rw-p 00000000 00:00 0 
7f7aac021000-7f7ab0000000 ---p 00000000 00:00 0 
7f7ab0000000-7f7ab015f000 rw-p 00000000 00:00 0 
7f7ab015f000-7f7ab4000000 ---p 00000000 00:00 0 
7f7ab4000000-7f7ab4321000 rw-p 00000000 00:00 0 
7f7ab4321000-7f7ab8000000 ---p 00000000 00:00 0 
7f7ab8000000-7f7ab8021000 rw-p 00000000 00:00 0 
7f7ab8021000-7f7abc000000 ---p 00000000 00:00 0 
7f7abc000000-7f7abc04e000 rw-p 00000000 00:00 0 
7f7abc04e000-7f7ac0000000 ---p 00000000 00:00 0 
7f7ac0000000-7f7ac0021000 rw-p 00000000 00:00 0 
7f7ac0021000-7f7ac4000000 ---p 00000000 00:00 0 
7f7ac4000000-7f7ac4021000 rw-p 00000000 00:00 0 
7f7ac4021000-7f7ac8000000 ---p 00000000 00:00 0 
7f7ac8000000-7f7ac8021000 rw-p 00000000 00:00 0 
7f7ac8021000-7f7acc000000 ---p 00000000 00:00 0 
7f7acc000000-7f7acc021000 rw-p 00000000 00:00 0 
7f7acc021000-7f7ad0000000 ---p 00000000 00:00 0 
7f7ad0b60000-7f7ad0eff000 rw-p 00000000 00:00 0 
7f7ad0eff000-7f7ad0f03000 ---p 00000000 00:00 0 
7f7ad0f03000-7f7ad1000000 rw-p 00000000 00:00 0 
7f7ad1000000-7f7c51000000 rw-s 00000000 00:18 21                         /dev/shm/prout (deleted)
7f7c51000000-7f7c51270000 rwxp 00000000 00:00 0 
7f7c51270000-7f7c51b9a000 ---p 00000000 00:00 0 
7f7c51b9a000-7f7c51e0a000 rwxp 00000000 00:00 0 
7f7c51e0a000-7f7c58dcd000 ---p 00000000 00:00 0 
7f7c58dcd000-7f7c5903d000 rwxp 00000000 00:00 0 
7f7c5903d000-7f7c60000000 ---p 00000000 00:00 0 
7f7c60000000-7f7c60515000 rw-p 00000000 00:00 0 
7f7c60515000-7f7c64000000 ---p 00000000 00:00 0 
7f7c6408b000-7f7c64092000 r--s 00000000 fe:01 789188                     /usr/lib/x86_64-linux-gnu/gconv/gconv-modules.cache
7f7c64092000-7f7c64093000 ---p 00000000 00:00 0 
7f7c64093000-7f7c64194000 rw-p 00000000 00:00 0 
7f7c64194000-7f7c64198000 ---p 00000000 00:00 0 
7f7c64198000-7f7c64295000 rw-p 00000000 00:00 0 
7f7c64295000-7f7c64299000 ---p 00000000 00:00 0 
7f7c64299000-7f7c64396000 rw-p 00000000 00:00 0 
7f7c64396000-7f7c6439a000 ---p 00000000 00:00 0 
7f7c6439a000-7f7c64497000 rw-p 00000000 00:00 0 
7f7c64497000-7f7c6449b000 r--p 00000000 fe:01 574849                     /home/adam/jdk11u/build/linux-x86_64-normal-server-release/jdk/lib/libnet.so
7f7c6449b000-7f7c644aa000 r-xp 00004000 fe:01 574849                     /home/adam/jdk11u/build/linux-x86_64-normal-server-release/jdk/lib/libnet.so
7f7c644aa000-7f7c644ae000 r--p 00013000 fe:01 574849                     /home/adam/jdk11u/build/linux-x86_64-normal-server-release/jdk/lib/libnet.so
7f7c644ae000-7f7c644af000 r--p 00016000 fe:01 574849                     /home/adam/jdk11u/build/linux-x86_64-normal-server-release/jdk/lib/libnet.so
7f7c644af000-7f7c644b0000 rw-p 00017000 fe:01 574849                     /home/adam/jdk11u/build/linux-x86_64-normal-server-release/jdk/lib/libnet.so
7f7c644b0000-7f7c644b7000 r--p 00000000 fe:01 574856                     /home/adam/jdk11u/build/linux-x86_64-normal-server-release/jdk/lib/libnio.so
7f7c644b7000-7f7c644be000 r-xp 00007000 fe:01 574856                     /home/adam/jdk11u/build/linux-x86_64-normal-server-release/jdk/lib/libnio.so
7f7c644be000-7f7c644c1000 r--p 0000e000 fe:01 574856                     /home/adam/jdk11u/build/linux-x86_64-normal-server-release/jdk/lib/libnio.so
7f7c644c1000-7f7c644c2000 r--p 00010000 fe:01 574856                     /home/adam/jdk11u/build/linux-x86_64-normal-server-release/jdk/lib/libnio.so
7f7c644c2000-7f7c644c3000 rw-p 00011000 fe:01 574856                     /home/adam/jdk11u/build/linux-x86_64-normal-server-release/jdk/lib/libnio.so
7f7c644c3000-7f7c644c7000 ---p 00000000 00:00 0 
7f7c644c7000-7f7c645c4000 rw-p 00000000 00:00 0 
7f7c645c4000-7f7c645c8000 ---p 00000000 00:00 0 
7f7c645c8000-7f7c646c5000 rw-p 00000000 00:00 0 
7f7c646c5000-7f7c646c9000 ---p 00000000 00:00 0 
7f7c646c9000-7f7c647c6000 rw-p 00000000 00:00 0 
7f7c647c6000-7f7c647ca000 ---p 00000000 00:00 0 
7f7c647ca000-7f7c648c7000 rw-p 00000000 00:00 0 
7f7c648c7000-7f7c64bae000 r--p 00000000 fe:01 786832                     /usr/lib/locale/locale-archive
7f7c64bae000-7f7c64bb2000 ---p 00000000 00:00 0 
7f7c64bb2000-7f7c64caf000 rw-p 00000000 00:00 0 
7f7c64caf000-7f7c64cb3000 ---p 00000000 00:00 0 
7f7c64cb3000-7f7c64db0000 rw-p 00000000 00:00 0 
7f7c64db0000-7f7c64db1000 ---p 00000000 00:00 0 
7f7c64db1000-7f7c6554e000 rw-p 00000000 00:00 0 
7f7c6554e000-7f7c6578e000 ---p 00000000 00:00 0 
7f7c6578e000-7f7c65793000 rw-p 00000000 00:00 0 
7f7c65793000-7f7c65873000 ---p 00000000 00:00 0 
7f7c65873000-7f7c65878000 rw-p 00000000 00:00 0 
7f7c65878000-7f7c65958000 ---p 00000000 00:00 0 
7f7c65958000-7f7c6595d000 rw-p 00000000 00:00 0 
7f7c6595d000-7f7c65970000 ---p 00000000 00:00 0 
7f7c65970000-7f7c65973000 r--p 00000000 fe:01 787101                     /usr/lib/x86_64-linux-gnu/libnss_files-2.31.so
7f7c65973000-7f7c6597a000 r-xp 00003000 fe:01 787101                     /usr/lib/x86_64-linux-gnu/libnss_files-2.31.so
7f7c6597a000-7f7c6597c000 r--p 0000a000 fe:01 787101                     /usr/lib/x86_64-linux-gnu/libnss_files-2.31.so
7f7c6597c000-7f7c6597d000 r--p 0000b000 fe:01 787101                     /usr/lib/x86_64-linux-gnu/libnss_files-2.31.so
7f7c6597d000-7f7c6597e000 rw-p 0000c000 fe:01 787101                     /usr/lib/x86_64-linux-gnu/libnss_files-2.31.so
7f7c6597e000-7f7c65984000 rw-p 00000000 00:00 0 
7f7c65988000-7f7c6598a000 r--p 00000000 fe:01 574842                     /home/adam/jdk11u/build/linux-x86_64-normal-server-release/jdk/lib/libzip.so
7f7c6598a000-7f7c6598e000 r-xp 00002000 fe:01 574842                     /home/adam/jdk11u/build/linux-x86_64-normal-server-release/jdk/lib/libzip.so
7f7c6598e000-7f7c65990000 r--p 00006000 fe:01 574842                     /home/adam/jdk11u/build/linux-x86_64-normal-server-release/jdk/lib/libzip.so
7f7c65990000-7f7c65991000 r--p 00007000 fe:01 574842                     /home/adam/jdk11u/build/linux-x86_64-normal-server-release/jdk/lib/libzip.so
7f7c65991000-7f7c65992000 rw-p 00008000 fe:01 574842                     /home/adam/jdk11u/build/linux-x86_64-normal-server-release/jdk/lib/libzip.so
7f7c65992000-7f7c6599a000 rw-s 00000000 fe:01 2359381                    /tmp/hsperfdata_root/45071
7f7c6599a000-7f7c6599e000 r--p 00000000 fe:01 574846                     /home/adam/jdk11u/build/linux-x86_64-normal-server-release/jdk/lib/libjimage.so
7f7c6599e000-7f7c659b1000 r-xp 00004000 fe:01 574846                     /home/adam/jdk11u/build/linux-x86_64-normal-server-release/jdk/lib/libjimage.so
7f7c659b1000-7f7c659b7000 r--p 00017000 fe:01 574846                     /home/adam/jdk11u/build/linux-x86_64-normal-server-release/jdk/lib/libjimage.so
7f7c659b7000-7f7c659b9000 r--p 0001c000 fe:01 574846                     /home/adam/jdk11u/build/linux-x86_64-normal-server-release/jdk/lib/libjimage.so
7f7c659b9000-7f7c659ba000 rw-p 0001e000 fe:01 574846                     /home/adam/jdk11u/build/linux-x86_64-normal-server-release/jdk/lib/libjimage.so
7f7c659ba000-7f7c659c8000 r--p 00000000 fe:01 574823                     /home/adam/jdk11u/build/linux-x86_64-normal-server-release/jdk/lib/libjava.so
7f7c659c8000-7f7c659de000 r-xp 0000e000 fe:01 574823                     /home/adam/jdk11u/build/linux-x86_64-normal-server-release/jdk/lib/libjava.so
7f7c659de000-7f7c659e5000 r--p 00024000 fe:01 574823                     /home/adam/jdk11u/build/linux-x86_64-normal-server-release/jdk/lib/libjava.so
7f7c659e5000-7f7c659e6000 r--p 0002a000 fe:01 574823                     /home/adam/jdk11u/build/linux-x86_64-normal-server-release/jdk/lib/libjava.so
7f7c659e6000-7f7c659e7000 rw-p 0002b000 fe:01 574823                     /home/adam/jdk11u/build/linux-x86_64-normal-server-release/jdk/lib/libjava.so
7f7c659e7000-7f7c659e8000 rw-p 00000000 00:00 0 
7f7c659e8000-7f7c659ec000 ---p 00000000 00:00 0 
7f7c659ec000-7f7c65ae9000 rw-p 00000000 00:00 0 
7f7c65ae9000-7f7c65af6000 r--p 00000000 fe:01 787094                     /usr/lib/x86_64-linux-gnu/libm-2.31.so
7f7c65af6000-7f7c65b90000 r-xp 0000d000 fe:01 787094                     /usr/lib/x86_64-linux-gnu/libm-2.31.so
7f7c65b90000-7f7c65c2b000 r--p 000a7000 fe:01 787094                     /usr/lib/x86_64-linux-gnu/libm-2.31.so
7f7c65c2b000-7f7c65c2c000 r--p 00141000 fe:01 787094                     /usr/lib/x86_64-linux-gnu/libm-2.31.so
7f7c65c2c000-7f7c65c2d000 rw-p 00142000 fe:01 787094                     /usr/lib/x86_64-linux-gnu/libm-2.31.so
7f7c65c2d000-7f7c65c2f000 r--p 00000000 fe:01 787107                     /usr/lib/x86_64-linux-gnu/librt-2.31.so
7f7c65c2f000-7f7c65c33000 r-xp 00002000 fe:01 787107                     /usr/lib/x86_64-linux-gnu/librt-2.31.so
7f7c65c33000-7f7c65c35000 r--p 00006000 fe:01 787107                     /usr/lib/x86_64-linux-gnu/librt-2.31.so
7f7c65c35000-7f7c65c36000 r--p 00007000 fe:01 787107                     /usr/lib/x86_64-linux-gnu/librt-2.31.so
7f7c65c36000-7f7c65c37000 rw-p 00008000 fe:01 787107                     /usr/lib/x86_64-linux-gnu/librt-2.31.so
7f7c65c37000-7f7c65eb4000 r--p 00000000 fe:01 573836                     /home/adam/jdk11u/build/linux-x86_64-normal-server-release/jdk/lib/server/libjvm.so
7f7c65eb4000-7f7c66aa6000 r-xp 0027d000 fe:01 573836                     /home/adam/jdk11u/build/linux-x86_64-normal-server-release/jdk/lib/server/libjvm.so
7f7c66aa6000-7f7c66cfb000 r--p 00e6f000 fe:01 573836                     /home/adam/jdk11u/build/linux-x86_64-normal-server-release/jdk/lib/server/libjvm.so
7f7c66cfb000-7f7c66cfc000 ---p 010c4000 fe:01 573836                     /home/adam/jdk11u/build/linux-x86_64-normal-server-release/jdk/lib/server/libjvm.so
7f7c66cfc000-7f7c66dbf000 r--p 010c4000 fe:01 573836                     /home/adam/jdk11u/build/linux-x86_64-normal-server-release/jdk/lib/server/libjvm.so
7f7c66dbf000-7f7c66df9000 rw-p 01187000 fe:01 573836                     /home/adam/jdk11u/build/linux-x86_64-normal-server-release/jdk/lib/server/libjvm.so
7f7c66df9000-7f7c66e52000 rw-p 00000000 00:00 0 
7f7c66e52000-7f7c66e58000 r--p 00000000 fe:01 787105                     /usr/lib/x86_64-linux-gnu/libpthread-2.31.so
7f7c66e58000-7f7c66e68000 r-xp 00006000 fe:01 787105                     /usr/lib/x86_64-linux-gnu/libpthread-2.31.so
7f7c66e68000-7f7c66e6e000 r--p 00016000 fe:01 787105                     /usr/lib/x86_64-linux-gnu/libpthread-2.31.so
7f7c66e6e000-7f7c66e6f000 r--p 0001b000 fe:01 787105                     /usr/lib/x86_64-linux-gnu/libpthread-2.31.so
7f7c66e6f000-7f7c66e70000 rw-p 0001c000 fe:01 787105                     /usr/lib/x86_64-linux-gnu/libpthread-2.31.so
7f7c66e70000-7f7c66e74000 rw-p 00000000 00:00 0 
7f7c66e74000-7f7c66e75000 r--p 00000000 fe:01 787091                     /usr/lib/x86_64-linux-gnu/libdl-2.31.so
7f7c66e75000-7f7c66e77000 r-xp 00001000 fe:01 787091                     /usr/lib/x86_64-linux-gnu/libdl-2.31.so
7f7c66e77000-7f7c66e78000 r--p 00003000 fe:01 787091                     /usr/lib/x86_64-linux-gnu/libdl-2.31.so
7f7c66e78000-7f7c66e79000 r--p 00003000 fe:01 787091                     /usr/lib/x86_64-linux-gnu/libdl-2.31.so
7f7c66e79000-7f7c66e7a000 rw-p 00004000 fe:01 787091                     /usr/lib/x86_64-linux-gnu/libdl-2.31.so
7f7c66e7a000-7f7c66e7d000 r--p 00000000 fe:01 788525                     /usr/lib/x86_64-linux-gnu/libz.so.1.2.11
7f7c66e7d000-7f7c66e8e000 r-xp 00003000 fe:01 788525                     /usr/lib/x86_64-linux-gnu/libz.so.1.2.11
7f7c66e8e000-7f7c66e94000 r--p 00014000 fe:01 788525                     /usr/lib/x86_64-linux-gnu/libz.so.1.2.11
7f7c66e94000-7f7c66e95000 ---p 0001a000 fe:01 788525                     /usr/lib/x86_64-linux-gnu/libz.so.1.2.11
7f7c66e95000-7f7c66e96000 r--p 0001a000 fe:01 788525                     /usr/lib/x86_64-linux-gnu/libz.so.1.2.11
7f7c66e96000-7f7c66e97000 rw-p 0001b000 fe:01 788525                     /usr/lib/x86_64-linux-gnu/libz.so.1.2.11
7f7c66e97000-7f7c66eb9000 r--p 00000000 fe:01 787090                     /usr/lib/x86_64-linux-gnu/libc-2.31.so
7f7c66eb9000-7f7c67012000 r-xp 00022000 fe:01 787090                     /usr/lib/x86_64-linux-gnu/libc-2.31.so
7f7c67012000-7f7c67061000 r--p 0017b000 fe:01 787090                     /usr/lib/x86_64-linux-gnu/libc-2.31.so
7f7c67061000-7f7c67065000 r--p 001c9000 fe:01 787090                     /usr/lib/x86_64-linux-gnu/libc-2.31.so
7f7c67065000-7f7c67067000 rw-p 001cd000 fe:01 787090                     /usr/lib/x86_64-linux-gnu/libc-2.31.so
7f7c67067000-7f7c6706b000 rw-p 00000000 00:00 0 
7f7c6706d000-7f7c6706e000 ---p 00000000 00:00 0 
7f7c6706e000-7f7c6706f000 r--p 00000000 00:00 0 
7f7c6706f000-7f7c67074000 r--p 00000000 fe:01 574815                     /home/adam/jdk11u/build/linux-x86_64-normal-server-release/jdk/lib/libverify.so
7f7c67074000-7f7c6707b000 r-xp 00005000 fe:01 574815                     /home/adam/jdk11u/build/linux-x86_64-normal-server-release/jdk/lib/libverify.so
7f7c6707b000-7f7c6707d000 r--p 0000c000 fe:01 574815                     /home/adam/jdk11u/build/linux-x86_64-normal-server-release/jdk/lib/libverify.so
7f7c6707d000-7f7c6707e000 ---p 0000e000 fe:01 574815                     /home/adam/jdk11u/build/linux-x86_64-normal-server-release/jdk/lib/libverify.so
7f7c6707e000-7f7c67080000 r--p 0000e000 fe:01 574815                     /home/adam/jdk11u/build/linux-x86_64-normal-server-release/jdk/lib/libverify.so
7f7c67080000-7f7c67081000 rw-p 00010000 fe:01 574815                     /home/adam/jdk11u/build/linux-x86_64-normal-server-release/jdk/lib/libverify.so
7f7c67081000-7f7c67084000 r--p 00000000 fe:01 574803                     /home/adam/jdk11u/build/linux-x86_64-normal-server-release/jdk/lib/jli/libjli.so
7f7c67084000-7f7c6708e000 r-xp 00003000 fe:01 574803                     /home/adam/jdk11u/build/linux-x86_64-normal-server-release/jdk/lib/jli/libjli.so
7f7c6708e000-7f7c67091000 r--p 0000d000 fe:01 574803                     /home/adam/jdk11u/build/linux-x86_64-normal-server-release/jdk/lib/jli/libjli.so
7f7c67091000-7f7c67092000 ---p 00010000 fe:01 574803                     /home/adam/jdk11u/build/linux-x86_64-normal-server-release/jdk/lib/jli/libjli.so
7f7c67092000-7f7c67093000 r--p 00010000 fe:01 574803                     /home/adam/jdk11u/build/linux-x86_64-normal-server-release/jdk/lib/jli/libjli.so
7f7c67093000-7f7c67094000 rw-p 00011000 fe:01 574803                     /home/adam/jdk11u/build/linux-x86_64-normal-server-release/jdk/lib/jli/libjli.so
7f7c67094000-7f7c67096000 rw-p 00000000 00:00 0 
7f7c67096000-7f7c67097000 r--p 00000000 fe:01 786446                     /usr/lib/x86_64-linux-gnu/ld-2.31.so
7f7c67097000-7f7c670b7000 r-xp 00001000 fe:01 786446                     /usr/lib/x86_64-linux-gnu/ld-2.31.so
7f7c670b7000-7f7c670bf000 r--p 00021000 fe:01 786446                     /usr/lib/x86_64-linux-gnu/ld-2.31.so
7f7c670c0000-7f7c670c1000 r--p 00029000 fe:01 786446                     /usr/lib/x86_64-linux-gnu/ld-2.31.so
7f7c670c1000-7f7c670c2000 rw-p 0002a000 fe:01 786446                     /usr/lib/x86_64-linux-gnu/ld-2.31.so
7f7c670c2000-7f7c670c3000 rw-p 00000000 00:00 0 
7fffe2c21000-7fffe2c42000 rw-p 00000000 00:00 0                          [stack]
7fffe2c52000-7fffe2c56000 r--p 00000000 00:00 0                          [vvar]
7fffe2c56000-7fffe2c58000 r-xp 00000000 00:00 0                          [vdso]


VM Arguments:
jvm_args: -XX:AllocateHeapAt=/dev/fakeblk -Xlog:gc=debug -XX:-OptimizeStringConcat -XX:+UnlockExperimentalVMOptions -XX:+UseEpsilonGC -Xnoclassgc -XX:+AlwaysPreTouch -XX:-ClassUnloading -XX:TieredStopAtLevel=3 -Xms20g -Xmx20g -XX:-ClassUnloading 
java_command: ../dacapo-23.11-chopin.jar tradebeans -help
java_class_path (initial): ../dacapo-23.11-chopin.jar
Launcher Type: SUN_STANDARD

[Global flags]
    ccstr AllocateHeapAt                           = /dev/fakeblk                              {product} {command line}
     bool AlwaysPreTouch                           = true                                      {product} {command line}
     intx CICompilerCount                          = 12                                        {product} {ergonomic}
     bool ClassUnloading                           = false                                     {product} {command line}
     bool ClassUnloadingWithConcurrentMark         = false                                     {product} {command line}
   size_t InitialHeapSize                          = 21474836480                               {product} {command line}
   size_t MaxHeapSize                              = 21474836480                               {product} {command line}
   size_t MinHeapDeltaBytes                        = 172032                                    {product} {ergonomic}
    uintx NonNMethodCodeHeapSize                   = 12163472                               {pd product} {ergonomic}
    uintx NonProfiledCodeHeapSize                  = 119747384                              {pd product} {ergonomic}
     bool OptimizeStringConcat                     = false                                  {C2 product} {command line}
    uintx ProfiledCodeHeapSize                     = 119747384                              {pd product} {ergonomic}
    uintx ReservedCodeCacheSize                    = 251658240                              {pd product} {ergonomic}
     bool SegmentedCodeCache                       = true                                      {product} {ergonomic}
     intx TieredStopAtLevel                        = 3                                         {product} {command line}
     bool UnlockExperimentalVMOptions              = true                                 {experimental} {command line}
     bool UseCompressedClassPointers               = true                                 {lp64_product} {ergonomic}
     bool UseCompressedOops                        = true                                 {lp64_product} {ergonomic}
     bool UseEpsilonGC                             = true                                 {experimental} {command line}

Logging:
Log output configuration:
 #0: stdout all=warning,gc=debug uptime,level,tags
 #1: stderr all=off uptime,level,tags

Environment Variables:
PATH=/usr/local/sbin:/usr/local/bin:/usr/sbin:/usr/bin:/sbin:/bin
SHELL=/bin/bash
LANG=en_US.UTF-8

Signal Handlers:
SIGSEGV: [libjvm.so+0xde46b0], sa_mask[0]=11111111011111111101111111111110, sa_flags=SA_RESTART|SA_SIGINFO
SIGBUS: [libjvm.so+0xde46b0], sa_mask[0]=11111111011111111101111111111110, sa_flags=SA_RESTART|SA_SIGINFO
SIGFPE: [libjvm.so+0xde46b0], sa_mask[0]=11111111011111111101111111111110, sa_flags=SA_RESTART|SA_SIGINFO
SIGPIPE: [libjvm.so+0xbdf3f0], sa_mask[0]=11111111011111111101111111111110, sa_flags=SA_RESTART|SA_SIGINFO
SIGXFSZ: [libjvm.so+0xbdf3f0], sa_mask[0]=11111111011111111101111111111110, sa_flags=SA_RESTART|SA_SIGINFO
SIGILL: [libjvm.so+0xde46b0], sa_mask[0]=11111111011111111101111111111110, sa_flags=SA_RESTART|SA_SIGINFO
SIGUSR2: [libjvm.so+0x2d1680], sa_mask[0]=00000000000100000000000000000000, sa_flags=SA_RESTART
SIGHUP: [libjvm.so+0xbdfb20], sa_mask[0]=11111111011111111101111111111110, sa_flags=SA_RESTART|SA_SIGINFO
SIGINT: [libjvm.so+0xbdfb20], sa_mask[0]=11111111011111111101111111111110, sa_flags=SA_RESTART|SA_SIGINFO
SIGTERM: [libjvm.so+0xbdfb20], sa_mask[0]=11111111011111111101111111111110, sa_flags=SA_RESTART|SA_SIGINFO
SIGQUIT: [libjvm.so+0xbdfb20], sa_mask[0]=11111111011111111101111111111110, sa_flags=SA_RESTART|SA_SIGINFO


---------------  S Y S T E M  ---------------

OS:PRETTY_NAME="Debian GNU/Linux 11 (bullseye)"
NAME="Debian GNU/Linux"
VERSION_ID="11"
VERSION="11 (bullseye)"
VERSION_CODENAME=bullseye
ID=debian
HOME_URL="https://www.debian.org/"
SUPPORT_URL="https://www.debian.org/support"
BUG_REPORT_URL="https://bugs.debian.org/"
uname:Linux 5.10.0-28-amd64 #1 SMP Debian 5.10.209-2 (2024-01-31) x86_64
OS uptime: 15 days 23:37 hours
libc:glibc 2.31 NPTL 2.31 
rlimit (soft/hard): STACK 8192k/infinity , CORE 0k/infinity , NPROC 256990/256990 , NOFILE 1048576/1048576 , AS infinity/infinity , CPU infinity/infinity , DATA infinity/infinity , FSIZE infinity/infinity , MEMLOCK 8229866k/8229866k
load average:4.90 4.59 13.67

/proc/meminfo:
MemTotal:       65838928 kB
MemFree:        23060444 kB
MemAvailable:   22757196 kB
Buffers:           30024 kB
Cached:         39787128 kB
SwapCached:        16716 kB
Active:         39980156 kB
Inactive:         150120 kB
Active(anon):   39869364 kB
Inactive(anon):    79232 kB
Active(file):     110792 kB
Inactive(file):    70888 kB
Unevictable:           0 kB
Mlocked:               0 kB
SwapTotal:        998396 kB
SwapFree:         920592 kB
Dirty:              8348 kB
Writeback:           484 kB
AnonPages:         88544 kB
Mapped:          6344632 kB
Shmem:          39634672 kB
KReclaimable:     140292 kB
Slab:             384000 kB
SReclaimable:     140292 kB
SUnreclaim:       243708 kB
KernelStack:        9728 kB
PageTables:        18652 kB
NFS_Unstable:          0 kB
Bounce:                0 kB
WritebackTmp:          0 kB
CommitLimit:    33917860 kB
Committed_AS:    7279028 kB
VmallocTotal:   34359738367 kB
VmallocUsed:     1019588 kB
VmallocChunk:          0 kB
Percpu:            37824 kB
HardwareCorrupted:     0 kB
AnonHugePages:         0 kB
ShmemHugePages:        0 kB
ShmemPmdMapped:        0 kB
FileHugePages:         0 kB
FilePmdMapped:         0 kB
HugePages_Total:       0
HugePages_Free:        0
HugePages_Rsvd:        0
HugePages_Surp:        0
Hugepagesize:       2048 kB
Hugetlb:               0 kB
DirectMap4k:     1298284 kB
DirectMap2M:    40644608 kB
DirectMap1G:    27262976 kB

/sys/kernel/mm/transparent_hugepage/enabled:
always [madvise] never
/sys/kernel/mm/transparent_hugepage/defrag (defrag/compaction efforts parameter):
always defer defer+madvise [madvise] never

Process Memory:
Virtual Size: 29463672K (peak: 29525472K)
Resident Set Size: 6344232K (peak: 6344232K) (anon: 30300K, file: 22476K, shmem: 6291456K)
Swapped out: 0K
C-Heap outstanding allocations: 14966K, retained: 1277K (may have wrapped)
glibc malloc tunables: (default)

/proc/sys/kernel/threads-max (system-wide limit on the number of threads):
513981
/proc/sys/vm/max_map_count (maximum number of memory map areas a process may have):
65530
/proc/sys/kernel/pid_max (system-wide limit on number of process identifiers):
4194304

container (cgroup) information:
container_type: cgroupv2
cpu_cpuset_cpus: 21-25,27-46
cpu_memory_nodes: not supported
active_processor_count: 25
cpu_quota: not supported
cpu_period: not supported
cpu_shares: not supported
memory_limit_in_bytes: 1572864000
memory_and_swap_limit_in_bytes: unlimited
memory_soft_limit_in_bytes: unlimited
memory_usage_in_bytes: 58081280
memory_max_usage_in_bytes: not supported

KVM virtualization detected
Steal ticks since vm start: 0
Steal ticks percentage since vm start:  0.000

CPU:total 48 (initial active 25) (1 cores per cpu, 1 threads per core) family 16 model 2 stepping 3 microcode 0x1000065, cmov, cx8, fxsr, mmx, sse, sse2, sse3, popcnt, mmxext, 3dnowpref, lzcnt, sse4a, tsc
CPU Model and flags from /proc/cpuinfo:
model name	: AMD Opteron 23xx (Gen 3 Class Opteron)
flags		: fpu vme de pse tsc msr pae mce cx8 apic sep mtrr pge mca cmov pat pse36 clflush mmx fxsr sse sse2 syscall nx mmxext fxsr_opt pdpe1gb rdtscp lm 3dnowext 3dnow rep_good nopl cpuid extd_apicid tsc_known_freq pni cx16 x2apic popcnt tsc_deadline_timer hypervisor lahf_lm cmp_legacy cr8_legacy abm sse4a misalignsse 3dnowprefetch osvw vmmcall arat
Online cpus:
0-47
Offline cpus:

BIOS frequency limitation:
<Not Available>
Frequency switch latency (ns):
<Not Available>
Available cpu frequencies:
<Not Available>
Current governor:
<Not Available>
Core performance/turbo boost:
<Not Available>

Memory: 4k page, physical 1536000k(1479280k free), swap 998396k(920592k free)

vm_info: OpenJDK 64-Bit Server VM (11.0.16-internal+0-adhoc.adam.jdk11u) for linux-amd64 JRE (11.0.16-internal+0-adhoc.adam.jdk11u), built on Apr  3 2025 14:12:42 by "adam" with gcc 10.2.1 20210110

END.
